/home/utente/Documenti/Magistrale/SecondoAnno/EXP_RO/EXP_Ws/src/brain/install/brain/lib/python3.12/site-packages/brain/logic_controller.py
/home/utente/Documenti/Magistrale/SecondoAnno/EXP_RO/EXP_Ws/src/brain/install/brain/lib/python3.12/site-packages/brain/__init__.py
/home/utente/Documenti/Magistrale/SecondoAnno/EXP_RO/EXP_Ws/src/brain/install/brain/lib/python3.12/site-packages/brain/__pycache__/logic_controller.cpython-312.pyc
/home/utente/Documenti/Magistrale/SecondoAnno/EXP_RO/EXP_Ws/src/brain/install/brain/lib/python3.12/site-packages/brain/__pycache__/__init__.cpython-312.pyc
/home/utente/Documenti/Magistrale/SecondoAnno/EXP_RO/EXP_Ws/src/brain/install/brain/share/ament_index/resource_index/packages/brain
/home/utente/Documenti/Magistrale/SecondoAnno/EXP_RO/EXP_Ws/src/brain/install/brain/share/brain/package.xml
/home/utente/Documenti/Magistrale/SecondoAnno/EXP_RO/EXP_Ws/src/brain/install/brain/share/brain/launch/spawn_robot.launch.py
/home/utente/Documenti/Magistrale/SecondoAnno/EXP_RO/EXP_Ws/src/brain/install/brain/share/brain/launch/display.launch.py
/home/utente/Documenti/Magistrale/SecondoAnno/EXP_RO/EXP_Ws/src/brain/install/brain/share/brain/urdf/erl1.urdf
/home/utente/Documenti/Magistrale/SecondoAnno/EXP_RO/EXP_Ws/src/brain/install/brain/share/brain/urdf/erl1.gazebo
/home/utente/Documenti/Magistrale/SecondoAnno/EXP_RO/EXP_Ws/src/brain/install/brain/share/brain/urdf/mogi_bot_skid_steer.gazebo
/home/utente/Documenti/Magistrale/SecondoAnno/EXP_RO/EXP_Ws/src/brain/install/brain/share/brain/urdf/materials.xacro
/home/utente/Documenti/Magistrale/SecondoAnno/EXP_RO/EXP_Ws/src/brain/install/brain/share/brain/urdf/mogi_bot_skid_steer.urdf
/home/utente/Documenti/Magistrale/SecondoAnno/EXP_RO/EXP_Ws/src/brain/install/brain/share/brain/worlds/empty.sdf
/home/utente/Documenti/Magistrale/SecondoAnno/EXP_RO/EXP_Ws/src/brain/install/brain/share/brain/worlds/my_world.sdf
/home/utente/Documenti/Magistrale/SecondoAnno/EXP_RO/EXP_Ws/src/brain/install/brain/share/brain/worlds/building_robot.sdf
/home/utente/Documenti/Magistrale/SecondoAnno/EXP_RO/EXP_Ws/src/brain/install/brain/share/brain/meshes/wheel.dae
/home/utente/Documenti/Magistrale/SecondoAnno/EXP_RO/EXP_Ws/src/brain/install/brain/share/brain/meshes/lidar.dae
/home/utente/Documenti/Magistrale/SecondoAnno/EXP_RO/EXP_Ws/src/brain/install/brain/share/brain/meshes/mogi_bot.dae
/home/utente/Documenti/Magistrale/SecondoAnno/EXP_RO/EXP_Ws/src/brain/install/brain/share/brain/rviz/urdf.rviz
/home/utente/Documenti/Magistrale/SecondoAnno/EXP_RO/EXP_Ws/src/brain/install/brain/share/brain/rviz/rviz.rviz
/home/utente/Documenti/Magistrale/SecondoAnno/EXP_RO/EXP_Ws/src/brain/install/brain/lib/python3.12/site-packages/brain-0.0.0-py3.12.egg-info/SOURCES.txt
/home/utente/Documenti/Magistrale/SecondoAnno/EXP_RO/EXP_Ws/src/brain/install/brain/lib/python3.12/site-packages/brain-0.0.0-py3.12.egg-info/requires.txt
/home/utente/Documenti/Magistrale/SecondoAnno/EXP_RO/EXP_Ws/src/brain/install/brain/lib/python3.12/site-packages/brain-0.0.0-py3.12.egg-info/zip-safe
/home/utente/Documenti/Magistrale/SecondoAnno/EXP_RO/EXP_Ws/src/brain/install/brain/lib/python3.12/site-packages/brain-0.0.0-py3.12.egg-info/PKG-INFO
/home/utente/Documenti/Magistrale/SecondoAnno/EXP_RO/EXP_Ws/src/brain/install/brain/lib/python3.12/site-packages/brain-0.0.0-py3.12.egg-info/dependency_links.txt
/home/utente/Documenti/Magistrale/SecondoAnno/EXP_RO/EXP_Ws/src/brain/install/brain/lib/python3.12/site-packages/brain-0.0.0-py3.12.egg-info/top_level.txt
/home/utente/Documenti/Magistrale/SecondoAnno/EXP_RO/EXP_Ws/src/brain/install/brain/lib/python3.12/site-packages/brain-0.0.0-py3.12.egg-info/entry_points.txt
/home/utente/Documenti/Magistrale/SecondoAnno/EXP_RO/EXP_Ws/src/brain/install/brain/lib/brain/logic_controller
