running egg_info
creating build/brain/brain.egg-info
writing build/brain/brain.egg-info/PKG-INFO
writing dependency_links to build/brain/brain.egg-info/dependency_links.txt
writing entry points to build/brain/brain.egg-info/entry_points.txt
writing requirements to build/brain/brain.egg-info/requires.txt
writing top-level names to build/brain/brain.egg-info/top_level.txt
writing manifest file 'build/brain/brain.egg-info/SOURCES.txt'
reading manifest file 'build/brain/brain.egg-info/SOURCES.txt'
writing manifest file 'build/brain/brain.egg-info/SOURCES.txt'
running build
running build_py
creating /home/utente/Documenti/Magistrale/SecondoAnno/EXP_RO/EXP_Ws/src/brain/build/brain/build
creating /home/utente/Documenti/Magistrale/SecondoAnno/EXP_RO/EXP_Ws/src/brain/build/brain/build/lib
creating /home/utente/Documenti/Magistrale/SecondoAnno/EXP_RO/EXP_Ws/src/brain/build/brain/build/lib/brain
copying brain/logic_controller.py -> /home/utente/Documenti/Magistrale/SecondoAnno/EXP_RO/EXP_Ws/src/brain/build/brain/build/lib/brain
copying brain/__init__.py -> /home/utente/Documenti/Magistrale/SecondoAnno/EXP_RO/EXP_Ws/src/brain/build/brain/build/lib/brain
running install
running install_lib
creating /home/utente/Documenti/Magistrale/SecondoAnno/EXP_RO/EXP_Ws/src/brain/install/brain/lib/python3.12/site-packages/brain
copying /home/utente/Documenti/Magistrale/SecondoAnno/EXP_RO/EXP_Ws/src/brain/build/brain/build/lib/brain/logic_controller.py -> /home/utente/Documenti/Magistrale/SecondoAnno/EXP_RO/EXP_Ws/src/brain/install/brain/lib/python3.12/site-packages/brain
copying /home/utente/Documenti/Magistrale/SecondoAnno/EXP_RO/EXP_Ws/src/brain/build/brain/build/lib/brain/__init__.py -> /home/utente/Documenti/Magistrale/SecondoAnno/EXP_RO/EXP_Ws/src/brain/install/brain/lib/python3.12/site-packages/brain
byte-compiling /home/utente/Documenti/Magistrale/SecondoAnno/EXP_RO/EXP_Ws/src/brain/install/brain/lib/python3.12/site-packages/brain/logic_controller.py to logic_controller.cpython-312.pyc
byte-compiling /home/utente/Documenti/Magistrale/SecondoAnno/EXP_RO/EXP_Ws/src/brain/install/brain/lib/python3.12/site-packages/brain/__init__.py to __init__.cpython-312.pyc
running install_data
creating /home/utente/Documenti/Magistrale/SecondoAnno/EXP_RO/EXP_Ws/src/brain/install/brain/share/ament_index
creating /home/utente/Documenti/Magistrale/SecondoAnno/EXP_RO/EXP_Ws/src/brain/install/brain/share/ament_index/resource_index
creating /home/utente/Documenti/Magistrale/SecondoAnno/EXP_RO/EXP_Ws/src/brain/install/brain/share/ament_index/resource_index/packages
copying resource/brain -> /home/utente/Documenti/Magistrale/SecondoAnno/EXP_RO/EXP_Ws/src/brain/install/brain/share/ament_index/resource_index/packages
copying package.xml -> /home/utente/Documenti/Magistrale/SecondoAnno/EXP_RO/EXP_Ws/src/brain/install/brain/share/brain
creating /home/utente/Documenti/Magistrale/SecondoAnno/EXP_RO/EXP_Ws/src/brain/install/brain/share/brain/launch
copying launch/spawn_robot.launch.py -> /home/utente/Documenti/Magistrale/SecondoAnno/EXP_RO/EXP_Ws/src/brain/install/brain/share/brain/launch
copying launch/display.launch.py -> /home/utente/Documenti/Magistrale/SecondoAnno/EXP_RO/EXP_Ws/src/brain/install/brain/share/brain/launch
creating /home/utente/Documenti/Magistrale/SecondoAnno/EXP_RO/EXP_Ws/src/brain/install/brain/share/brain/urdf
copying urdf/erl1.urdf -> /home/utente/Documenti/Magistrale/SecondoAnno/EXP_RO/EXP_Ws/src/brain/install/brain/share/brain/urdf
copying urdf/erl1.gazebo -> /home/utente/Documenti/Magistrale/SecondoAnno/EXP_RO/EXP_Ws/src/brain/install/brain/share/brain/urdf
copying urdf/mogi_bot_skid_steer.gazebo -> /home/utente/Documenti/Magistrale/SecondoAnno/EXP_RO/EXP_Ws/src/brain/install/brain/share/brain/urdf
copying urdf/materials.xacro -> /home/utente/Documenti/Magistrale/SecondoAnno/EXP_RO/EXP_Ws/src/brain/install/brain/share/brain/urdf
copying urdf/mogi_bot_skid_steer.urdf -> /home/utente/Documenti/Magistrale/SecondoAnno/EXP_RO/EXP_Ws/src/brain/install/brain/share/brain/urdf
creating /home/utente/Documenti/Magistrale/SecondoAnno/EXP_RO/EXP_Ws/src/brain/install/brain/share/brain/worlds
copying worlds/empty.sdf -> /home/utente/Documenti/Magistrale/SecondoAnno/EXP_RO/EXP_Ws/src/brain/install/brain/share/brain/worlds
copying worlds/my_world.sdf -> /home/utente/Documenti/Magistrale/SecondoAnno/EXP_RO/EXP_Ws/src/brain/install/brain/share/brain/worlds
copying worlds/building_robot.sdf -> /home/utente/Documenti/Magistrale/SecondoAnno/EXP_RO/EXP_Ws/src/brain/install/brain/share/brain/worlds
creating /home/utente/Documenti/Magistrale/SecondoAnno/EXP_RO/EXP_Ws/src/brain/install/brain/share/brain/meshes
copying meshes/wheel.dae -> /home/utente/Documenti/Magistrale/SecondoAnno/EXP_RO/EXP_Ws/src/brain/install/brain/share/brain/meshes
copying meshes/lidar.dae -> /home/utente/Documenti/Magistrale/SecondoAnno/EXP_RO/EXP_Ws/src/brain/install/brain/share/brain/meshes
copying meshes/mogi_bot.dae -> /home/utente/Documenti/Magistrale/SecondoAnno/EXP_RO/EXP_Ws/src/brain/install/brain/share/brain/meshes
creating /home/utente/Documenti/Magistrale/SecondoAnno/EXP_RO/EXP_Ws/src/brain/install/brain/share/brain/rviz
copying rviz/urdf.rviz -> /home/utente/Documenti/Magistrale/SecondoAnno/EXP_RO/EXP_Ws/src/brain/install/brain/share/brain/rviz
copying rviz/rviz.rviz -> /home/utente/Documenti/Magistrale/SecondoAnno/EXP_RO/EXP_Ws/src/brain/install/brain/share/brain/rviz
running install_egg_info
Copying build/brain/brain.egg-info to /home/utente/Documenti/Magistrale/SecondoAnno/EXP_RO/EXP_Ws/src/brain/install/brain/lib/python3.12/site-packages/brain-0.0.0-py3.12.egg-info
running install_scripts
Installing logic_controller script to /home/utente/Documenti/Magistrale/SecondoAnno/EXP_RO/EXP_Ws/src/brain/install/brain/lib/brain
writing list of installed files to '/home/utente/Documenti/Magistrale/SecondoAnno/EXP_RO/EXP_Ws/src/brain/build/brain/install.log'
